--------------------------------------------------------------------------------------------
      name:  <unnamed>
       log:  /Users/jenniferjackson/Desktop/NYU/Large Databases/PS3/STATA_RV_1042017-457/Jen
> niferJackson_PS3_Part1.log
  log type:  text
 opened on:  28 Feb 2019, 08:45:12

. 
. * PROBLEM 1 ~~~~~~~~~~~~~~~~~~~~~~~~~~~~~~~~~~~~~~~~~~~~~~~~~~~~~~~~~~~~~~~~~~~           
>                       
. 
. insheet using "/Users/jenniferjackson/Desktop/STATA_RV_1042017-457.csv", clear
(14 vars, 477 obs)

. label data STATA_RV_1042017_457

. label variable unitid "UNITID"

. label variable instnm "Institution Name"

. label variable year "Survey year 2015"

. label variable instnm "Institution (entity) name"

. label variable ialias "Institution name alias"

. label variable tufeyr3 "Tuition and fees, 2015-16"

. label variable stabbr "State abbreviation"

. label variable sector "Sector of institution"

. label variable iclevel "Level of institution"

. label variable control "Control of institution"

. label variable deggrant "Degree-granting status"

. label variable grrttot "Graduation rate, total cohort"

. label variable grrtm "Graduation rate, men"

. label variable grrtw "Graduation rate, women"

.  
. label define label_sector 0 "Administrative Unit"

. label values sector label_sector

. label define label_sector 1 "Public, 4-year or above", add

. label values sector label_sector

. label define label_sector 2 "Private not-for-profit, 4-year or above", add

. label values sector label_sector

. label define label_sector 3 "Private for-profit, 4-year or above", add

. label values sector label_sector

. label define label_sector 4 "Public, 2-year", add

. label values sector label_sector

. label define label_sector 5 "Private not-for-profit, 2-year", add

. label values sector label_sector

. label define label_sector 6 "Private for-profit, 2-year", add

. label values sector label_sector

. label define label_sector 7 "Public, less-than 2-year", add

. label values sector label_sector

. label define label_sector 8 "Private not-for-profit, less-than 2-year", add

. label values sector label_sector

. label define label_sector 9 "Private for-profit, less-than 2-year", add

. label values sector label_sector

. label define label_sector 99 "Sector unknown (not active)", add

. label values sector label_sector

. label define label_iclevel 1 "Four or more years"

. label values iclevel label_iclevel

. label define label_iclevel 2 "At least 2 but less than 4 years", add

. label values iclevel label_iclevel

. label define label_iclevel 3 "Less than 2 years (below associate)", add

. label values iclevel label_iclevel

. label define label_iclevel -3 "{Not available}", add

. label values iclevel label_iclevel

. label define label_control 1 "Public"

. label values control label_control

. label define label_control 2 "Private not-for-profit", add

. label values control label_control

. label define label_control 3 "Private for-profit", add

. label values control label_control

. label define label_control -3 "{Not available}", add

. label values control label_control

. label define label_deggrant 1 "Degree-granting"

. label values deggrant label_deggrant

. label define label_deggrant 2 "Nondegree-granting, primarily postsecondary", add

. label values deggrant label_deggrant

. label define label_deggrant -3 "{Not available}", add

. label values deggrant label_deggrant

. 
. tab stabbr

      State |
abbreviatio |
          n |      Freq.     Percent        Cum.
------------+-----------------------------------
         NY |        469      100.00      100.00
------------+-----------------------------------
      Total |        469      100.00

. tab sector

                  Sector of institution |      Freq.     Percent        Cum.
----------------------------------------+-----------------------------------
                    Administrative Unit |          3        0.64        0.64
                Public, 4-year or above |         45        9.59       10.23
Private not-for-profit, 4-year or above |        167       35.61       45.84
    Private for-profit, 4-year or above |         22        4.69       50.53
                         Public, 2-year |         38        8.10       58.64
         Private not-for-profit, 2-year |         28        5.97       64.61
             Private for-profit, 2-year |         33        7.04       71.64
               Public, less-than 2-year |         31        6.61       78.25
Private not-for-profit, less-than 2-yea |         10        2.13       80.38
   Private for-profit, less-than 2-year |         92       19.62      100.00
----------------------------------------+-----------------------------------
                                  Total |        469      100.00

. tab iclevel

               Level of institution |      Freq.     Percent        Cum.
------------------------------------+-----------------------------------
                 Four or more years |        237       50.53       50.53
   At least 2 but less than 4 years |         99       21.11       71.64
Less than 2 years (below associate) |        133       28.36      100.00
------------------------------------+-----------------------------------
                              Total |        469      100.00

. tab control

Control of institution |      Freq.     Percent        Cum.
-----------------------+-----------------------------------
                Public |        116       24.73       24.73
Private not-for-profit |        206       43.92       68.66
    Private for-profit |        147       31.34      100.00
-----------------------+-----------------------------------
                 Total |        469      100.00

. tab deggrant

                 Degree-granting status |      Freq.     Percent        Cum.
----------------------------------------+-----------------------------------
                        Degree-granting |        311       66.31       66.31
Nondegree-granting, primarily postsecon |        158       33.69      100.00
----------------------------------------+-----------------------------------
                                  Total |        469      100.00

. 
. summarize tufeyr3

    Variable |        Obs        Mean    Std. Dev.       Min        Max
-------------+---------------------------------------------------------
     tufeyr3 |        276    18267.75    13462.46       1107      53000

. summarize grrttot

    Variable |        Obs        Mean    Std. Dev.       Min        Max
-------------+---------------------------------------------------------
     grrttot |        397    57.46096    24.83972          0        100

. summarize grrtm

    Variable |        Obs        Mean    Std. Dev.       Min        Max
-------------+---------------------------------------------------------
       grrtm |        267    46.32584    24.98636          0        100

. summarize grrtw

    Variable |        Obs        Mean    Std. Dev.       Min        Max
-------------+---------------------------------------------------------
       grrtw |        238    54.08403    23.68538          0        100

. 
. 
. save cdsfile_all_STATA_RV_1042017-457.dta
file cdsfile_all_STATA_RV_1042017-457.dta saved

. 
. * There are 469 New York post-secondary institutions in the dataset.
. 
. * PROBLEM 2 ~~~~~~~~~~~~~~~~~~~~~~~~~~~~~~~~~~~~~~~~~~~~~~~~~~~~~~~~~~~~~~~~~~~           
>                       
. 
. drop if deggrant != 1
(166 observations deleted)

. * There are 311 institutions left in the dataset.
. 
. * PROBLEM 3 ~~~~~~~~~~~~~~~~~~~~~~~~~~~~~~~~~~~~~~~~~~~~~~~~~~~~~~~~~~~~~~~~~~~           
>                       
. 
. drop if grrttot == .
(50 observations deleted)

. 
. list instnm grrttot in 252/261

     +--------------------------------------------------------+
     |                                       instnm   grrttot |
     |--------------------------------------------------------|
252. |                 Talmudical Seminary of Bobov        41 |
253. |                           The Kingâ€™s College        45 |
254. |                   Yeshiva of Machzikai Hadas        39 |
255. |                Mildred Elley-New York Campus        30 |
256. |       Finger Lakes Health College of Nursing        67 |
     |--------------------------------------------------------|
257. | Stella and Charles Guttman Community College        49 |
258. |               Be'er Yaakov Talmudic Seminary        57 |
259. |             Bryant & Stratton College-Online        24 |
260. |                 Yeshiva Gedolah Kesser Torah         9 |
261. |                    DeVry College of New York        29 |
     +--------------------------------------------------------+

. ** The TOP 15 institutions in terms of graduation rate in 2015 were:
. * Belanger School of Nursing
. * Rabbinical College of Ch'san Sofer New York
. * Phillips School of Nursing at Mount Sinai Beth Israel
. * St Joseph's College of Nursing at St Joseph's Hospital Health Center
. * Columbia University in the City of New York
. * New York College of Health Professions
. * Swedish Institute a College of Health Sciences
. * Cornell University
. * The Juilliard School
. * Hamilton College
. 
. list instnm grrttot in 1/15

     +--------------------------------------------------------------------+
     |                                                   instnm   grrttot |
     |--------------------------------------------------------------------|
  1. |             Vaughn College of Aeronautics and Technology        35 |
  2. |                                       Adelphi University        67 |
  3. |                             Adirondack Community College        24 |
  4. |                            Globe Institute of Technology        20 |
  5. |                         Bryant & Stratton College-Albany        30 |
     |--------------------------------------------------------------------|
  6. |           Albany College of Pharmacy and Health Sciences        69 |
  7. |                                        Alfred University        60 |
  8. |               American Academy of Dramatic Arts-New York        67 |
  9. | American Academy McAllister Institute of Funeral Service        19 |
 10. |                    American Musical and Dramatic Academy        54 |
     |--------------------------------------------------------------------|
 11. |                                             Bard College        78 |
 12. |                                          Barnard College        91 |
 13. |                                Berkeley College-New York        28 |
 14. |                         Beth Hatalmud Rabbinical College        12 |
 15. |                  Beth Hamedrash Shaarei Yosher Institute        33 |
     +--------------------------------------------------------------------+

. ** The BOTTOM 15 institutions in terms of graduation rate in 2015 were:
. * Samaritan Hospital School of Nursing
. * Yeshiva Shaarei Torah of Rockland
. * Yeshivas Novominsk
. * Yeshiva of the Telshe Alumni
. * Yeshiva Gedolah Kesser Torah
. * Mirrer Yeshiva Cent Institute
. * CUNY Medgar Evers College
. * Beth Hatalmud Rabbinical College
. * Torah Temimah Talmudical Seminary
. * Yeshiva Derech Chaim
. * Yeshivat Mikdash Melech
. * SUNY Westchester Community College
. * CUNY Bronx Community College
. * CUNY New York City College of Technology
. * Bryant & Stratton College-Buffalo
. 
. list if instnm == "New York University"

     +------------------------------------------------------------------------------+
127. | unitid |              instnm | year |                  v4 | ialias | tufeyr3 |
     | 193900 | New York University | 2015 | New York University |        |   47750 |
     |------------------------------------------------------------------------------|
     |  stabbr  |                                   sector  |             iclevel   |
     |      NY  |  Private not-for-profit, 4-year or above  |  Four or more years   |
     |------------------------------------------------------------------------------|
     |                 control  |         deggrant  |  grrttot  |  grrtm  |  grrtw  |
     |  Private not-for-profit  |  Degree-granting  |       84  |     82  |     85  |
     +------------------------------------------------------------------------------+

. * NYU's graduation rate in 2015 was 84% overall, with more women having
. * graduated than men. Women's graduation rate was 85% versus 82% for men.
. 
. * PROBLEM 4 ~~~~~~~~~~~~~~~~~~~~~~~~~~~~~~~~~~~~~~~~~~~~~~~~~~~~~~~~~~~~~~~~~~~           
>                       
. 
. corr grrttot tufeyr3
(obs=257)

             |  grrttot  tufeyr3
-------------+------------------
     grrttot |   1.0000
     tufeyr3 |   0.5725   1.0000


. * The correlation coefficient for graduation rate versus fees and tutition is
. * 0.57, which shows there is a relatively strong positive correlation between
. * the two.
. 
. scatter grrttot tufeyr3, saving(scatterplot, replace)
(note: file scatterplot.gph not found)
(file scatterplot.gph saved)

. 
. log close
      name:  <unnamed>
       log:  /Users/jenniferjackson/Desktop/NYU/Large Databases/PS3/STATA_RV_1042017-457/Jen
> niferJackson_PS3_Part1.log
  log type:  text
 closed on:  28 Feb 2019, 08:45:13
--------------------------------------------------------------------------------------------
