---------------------------------------------------------------------------------------
      name:  <unnamed>
       log:  /Users/jenniferjackson/Downloads/JenniferJackson_PS8.log
  log type:  text
 opened on:  11 Apr 2019, 14:17:54

. 
. * PROBLEM 1 ~~~~~~~~~~~~~~~~~~~~~~~~~~~~~~~~~~~~~~~~~~~~~~~~~~~~~~~~~~~~~~~~~~~      
>                            
. 
. * (a) The target population of the PISA was students age 15, attending school or
. * vocational training, either full-time or part-time, anywhere between grade 7
. * and up. This excluded those who were homeschooled and those studying abroad.
. 
. * (b) The sampling design used in each country was a two-stage stratified
. * design, except in Russia, where it was a three-stage stratified design. For
. * the two-stage stratifications, schools made up the first stratum and students
. * within those sampled schools made up the second stratum. In Russia, the first
. * stratum consisted of various sampled geographical locations within the
. * country. The second stratum consisted of schools within those areas and the
. * first stratum consisted of students within those schools.
. 
. * PROBLEM 2 ~~~~~~~~~~~~~~~~~~~~~~~~~~~~~~~~~~~~~~~~~~~~~~~~~~~~~~~~~~~~~~~~~~~ 
. 
. * This .do file analyses 2015 data from the OECD's Programme for International
. * Student Assessment (PISA).
. 
. cd "/Users/jenniferjackson/Desktop/NYU/Large Databases/PS8"
/Users/jenniferjackson/Desktop/NYU/Large Databases/PS8

. use "PISA 2015 seven countries.dta", clear

. 
. * PROBLEM 3 ~~~~~~~~~~~~~~~~~~~~~~~~~~~~~~~~~~~~~~~~~~~~~~~~~~~~~~~~~~~~~~~~~~~ 
. 
. summarize pv1math-pv10math

    Variable |        Obs        Mean    Std. Dev.       Min        Max
-------------+---------------------------------------------------------
     pv1math |     67,080    458.2989    109.5474     86.001    834.321
     pv2math |     67,080    458.3949    108.8895     33.164    816.864
     pv3math |     67,080    457.9614    108.4147     64.832    871.478
     pv4math |     67,080    458.9081    108.4876     77.141    884.822
     pv5math |     67,080    458.0084    109.6848     60.219    872.634
-------------+---------------------------------------------------------
     pv6math |     67,080    458.0607    109.4924     86.107    824.186
     pv7math |     67,080     458.853    108.7357     60.108    847.365
     pv8math |     67,080    457.8147    109.9503     82.537    819.165
     pv9math |     67,080    457.6072    110.1638     43.304    849.286
    pv10math |     67,080     458.416    109.4434     71.061    869.157

. summarize pv1scie-pv10scie

    Variable |        Obs        Mean    Std. Dev.       Min        Max
-------------+---------------------------------------------------------
     pv1scie |     67,080    475.4215    109.9732    117.555    876.746
     pv2scie |     67,080    475.0263    110.5941     59.637    862.675
     pv3scie |     67,080    475.2569    110.2449     72.114    881.776
     pv4scie |     67,080    475.2862    110.1416     90.042    865.721
     pv5scie |     67,080    474.8214    110.5779    130.587    894.051
-------------+---------------------------------------------------------
     pv6scie |     67,080    475.3073    110.4558    106.596     877.32
     pv7scie |     67,080    474.8638    110.3785    109.784    911.915
     pv8scie |     67,080    475.4648    110.1815    125.758    873.018
     pv9scie |     67,080     475.364    110.0622     86.521    864.126
    pv10scie |     67,080    474.9937    110.3959    117.443    856.427

. * For both maths and science, the score means and standard deviations among the
. * plausible values hardly vary at all.
. 
. tabstat pv1math-pv10math, statistics(mean sd) by (cnt)

Summary statistics: mean, sd
  by categories of: cnt (Country code 3-character)

   cnt |   pv1math   pv2math   pv3math   pv4math   pv5math   pv6math   pv7math
-------+----------------------------------------------------------------------
   AUS |  482.7427  483.0384  481.5871  483.8699  483.0103  483.5418  482.3002
       |  94.36304  94.50404  94.44358  93.71266  93.84398   96.5421  95.25322
-------+----------------------------------------------------------------------
   BRA |  374.3893  374.8904  375.3362  375.7739   373.339  374.0362  376.4906
       |  87.55753  85.97074  84.90919  85.49909  86.88985   86.4268  85.86121
-------+----------------------------------------------------------------------
   EST |  520.3257  521.3536  519.4949   519.569  522.3111   519.886     521.3
       |  79.81235  80.79682  79.84686  80.12283  81.08977  78.97728  80.65008
-------+----------------------------------------------------------------------
   FIN |  511.2831  512.7464  509.7458  512.5181  510.8719   511.628  512.2323
       |  81.98105  80.63065  82.31371  82.02349  82.08527  81.01036  81.26115
-------+----------------------------------------------------------------------
   JPN |  533.1045  530.8203  532.6631  532.2936  533.5704  532.6888  532.4656
       |  88.11499  87.64764  89.25609  87.28373  87.71682  88.33547  89.66479
-------+----------------------------------------------------------------------
   KOR |  523.7835  522.5494  524.2593  525.2495  522.8579  522.0645  523.0642
       |  99.58511  99.35358  98.49611  99.26941  100.8523  99.99428  99.11857
-------+----------------------------------------------------------------------
   USA |  469.7976  469.4952  467.3831  467.4549  468.8049  468.6369  468.4335
       |  88.43766  89.23849  88.08964  88.23721  87.27596  87.03562  87.97467
-------+----------------------------------------------------------------------
 Total |  458.2989  458.3949  457.9614  458.9081  458.0084  458.0607   458.853
       |  109.5474  108.8895  108.4147  108.4876  109.6848  109.4924  108.7357
------------------------------------------------------------------------------

   cnt |   pv8math   pv9math  pv10math
-------+------------------------------
   AUS |  481.6825  483.2551  483.3509
       |  95.95593  94.96591  94.44166
-------+------------------------------
   BRA |    373.39   371.987  374.2311
       |  87.17047   86.7273  86.06487
-------+------------------------------
   EST |  521.6804  521.2462  521.3151
       |  80.12548  80.74962  79.91656
-------+------------------------------
   FIN |  512.5934  513.1882  511.8614
       |  82.00357  81.27737   82.0207
-------+------------------------------
   JPN |  533.5419  530.7427  533.2565
       |  88.21619  88.44186  88.81014
-------+------------------------------
   KOR |  522.0949  525.2437  522.7005
       |  99.56814  99.91351  100.2284
-------+------------------------------
   USA |  469.3245  468.5642  469.5857
       |   87.0486  88.03778  89.56333
-------+------------------------------
 Total |  457.8147  457.6072   458.416
       |  109.9503  110.1638  109.4434
--------------------------------------

. tabstat pv1scie-pv10scie, statistics(mean sd) by (cnt)

Summary statistics: mean, sd
  by categories of: cnt (Country code 3-character)

   cnt |   pv1scie   pv2scie   pv3scie   pv4scie   pv5scie   pv6scie   pv7scie
-------+----------------------------------------------------------------------
   AUS |  499.1255  497.8978  498.8211  497.8372  498.9672  499.0802  498.9185
       |  103.7663  104.9643  104.8728  104.3807  104.6731  105.0288   104.026
-------+----------------------------------------------------------------------
   BRA |  398.7498  398.0123  398.7083  399.0996  397.3696  398.4242  397.7509
       |  86.25314  86.70748  86.64237   86.6004  87.02232  86.60602  86.83801
-------+----------------------------------------------------------------------
   EST |  536.2696  536.8276  534.6288  535.5768  535.4479  535.4518  535.5356
       |  88.45071  89.22536  88.62141  88.58679  88.99221   88.8918   89.7799
-------+----------------------------------------------------------------------
   FIN |  531.9849  532.0783  531.4839  531.9627  531.3108  531.7479   530.824
       |  96.34441  95.26179  95.43053  95.36945  94.91847  95.88939  96.27523
-------+----------------------------------------------------------------------
   JPN |  538.4656  539.0204  538.7382  538.7524  538.3522  538.9061  538.1723
       |  93.65224  94.10155  93.48808  94.24061  93.50511  93.78416  93.03307
-------+----------------------------------------------------------------------
   KOR |  515.0762  515.9558  515.0207  515.3092    515.64  515.5204  515.4372
       |  95.14542  95.65488  95.03787  95.81119  95.57945  95.49398  94.48284
-------+----------------------------------------------------------------------
   USA |  495.8714  495.1947  496.7391   496.281  495.8974  496.0621  495.7966
       |  97.49492  97.61952  98.71413  98.30378   97.4344  97.86097  98.42945
-------+----------------------------------------------------------------------
 Total |  475.4215  475.0263  475.2569  475.2862  474.8214  475.3073  474.8638
       |  109.9732  110.5941  110.2449  110.1416  110.5779  110.4558  110.3785
------------------------------------------------------------------------------

   cnt |   pv8scie   pv9scie  pv10scie
-------+------------------------------
   AUS |  498.7575  498.9623  499.1295
       |  104.8272  104.0351  104.2036
-------+------------------------------
   BRA |  399.1302  399.1053  398.0526
       |  86.48775  87.21952  87.04653
-------+------------------------------
   EST |  536.0963  535.1553  535.4554
       |  89.35183  88.98571  88.56025
-------+------------------------------
   FIN |  531.5108  531.3544  531.4601
       |  95.53559  96.30654  95.61618
-------+------------------------------
   JPN |  538.8009  539.3179  539.1887
       |  93.17622   93.2134  93.77869
-------+------------------------------
   KOR |  515.1996  514.5971  514.2019
       |  95.41291  94.06522  95.29276
-------+------------------------------
   USA |   495.922  495.3864  495.0118
       |  98.32593  97.46249  97.97521
-------+------------------------------
 Total |  475.4648   475.364  474.9937
       |  110.1815  110.0622  110.3959
--------------------------------------

. * Between countries, there is much more variance in scores for both maths and
. * science. The range of maths scores and the range of science scores are both
. * more than 100 points.
. 
. * PROBLEM 4 ~~~~~~~~~~~~~~~~~~~~~~~~~~~~~~~~~~~~~~~~~~~~~~~~~~~~~~~~~~~~~~~~~~~ 
. 
. * (a) "While the students included in the final PISA sample for a given country
. * were chosen randomly, the selection probabilities of the students vary. Survey
. * weights must be incorporated into the analysis to ensure that each sampled
. * student appropriately represents the correct number of students in the full
. * PISA population." (PISA 2015 Technical Report, Chapter 8, p 116)
. 
. * (b) The methodology recommended for calculating variance is called "balanced
. * repeated replication" (BRR), more specifically, "Fay's method".  
. 
. * PROBLEM 5 ~~~~~~~~~~~~~~~~~~~~~~~~~~~~~~~~~~~~~~~~~~~~~~~~~~~~~~~~~~~~~~~~~~~ 
. 
. svyset [pweight = w_fstuwt], vce(brr) fay(0.5) mse brrweight(w_fsturwt1-w_fsturwt80)

      pweight: w_fstuwt
          VCE: brr
          MSE: on
    brrweight: w_fsturwt1 .. w_fsturwt80
          fay: .5
  Single unit: missing
     Strata 1: <one>
         SU 1: <observations>
        FPC 1: <zero>

. 
. * PROBLEM 6 ~~~~~~~~~~~~~~~~~~~~~~~~~~~~~~~~~~~~~~~~~~~~~~~~~~~~~~~~~~~~~~~~~~~ 
. 
. * Check possible values for "cnt".
. codebook cnt

---------------------------------------------------------------------------------------
cnt                                                            Country code 3-character
---------------------------------------------------------------------------------------

                  type:  string (str3)

         unique values:  7                        missing "":  0/67,080

            tabulation:  Freq.  Value
                        14,530  "AUS"
                        23,141  "BRA"
                         5,587  "EST"
                         5,882  "FIN"
                         6,647  "JPN"
                         5,581  "KOR"
                         5,712  "USA"

. 
. * Create a new variable "cnt_num" to represent the country codes numerically.
. gen cnt_num = 1  /* "AUS" */

. replace cnt_num = 2 if cnt == "BRA"
(23,141 real changes made)

. replace cnt_num = 3 if cnt == "EST"
(5,587 real changes made)

. replace cnt_num = 4 if cnt == "FIN"
(5,882 real changes made)

. replace cnt_num = 5 if cnt == "JPN"
(6,647 real changes made)

. replace cnt_num = 6 if cnt == "KOR"
(5,581 real changes made)

. replace cnt_num = 7 if cnt == "USA"
(5,712 real changes made)

. 
. * Mean MATHS scores organised by country:
. mean pv1math, over(cnt_num)

Mean estimation                   Number of obs   =     67,080

            1: cnt_num = 1
            2: cnt_num = 2
            3: cnt_num = 3
            4: cnt_num = 4
            5: cnt_num = 5
            6: cnt_num = 6
            7: cnt_num = 7

--------------------------------------------------------------
        Over |       Mean   Std. Err.     [95% Conf. Interval]
-------------+------------------------------------------------
pv1math      |
           1 |   482.7427    .782833      481.2084    484.2771
           2 |   374.3893   .5755757      373.2612    375.5174
           3 |   520.3257   1.067777      518.2329    522.4186
           4 |   511.2831   1.068934       509.188    513.3782
           5 |   533.1045   1.080779      530.9862    535.2229
           6 |   523.7835   1.333025      521.1708    526.3962
           7 |   469.7976   1.170154      467.5041    472.0911
--------------------------------------------------------------

. * Mean MATHS scores organised by country, taking into account survey design:
. svy: mean pv1math, over(cnt_num)
(running mean on estimation sample)

BRR replications (80)
----+--- 1 ---+--- 2 ---+--- 3 ---+--- 4 ---+--- 5 
..................................................    50
..............................

Survey: Mean estimation           Number of obs   =     67,080
                                  Population size =  7,982,010
                                  Replications    =         80
                                  Design df       =         79

            1: cnt_num = 1
            2: cnt_num = 2
            3: cnt_num = 3
            4: cnt_num = 4
            5: cnt_num = 5
            6: cnt_num = 6
            7: cnt_num = 7

--------------------------------------------------------------
             |                BRR *
        Over |       Mean   Std. Err.     [95% Conf. Interval]
-------------+------------------------------------------------
pv1math      |
           1 |   493.8972   1.305865       491.298    496.4965
           2 |   377.3085   2.520927      372.2907    382.3262
           3 |   519.0257    1.68504      515.6717    522.3797
           4 |   510.5856   2.045622      506.5139    514.6573
           5 |   532.9521   2.833991      527.3111     538.593
           6 |   524.4509   3.634263      517.2171    531.6848
           7 |     470.17   2.992403      464.2138    476.1262
--------------------------------------------------------------

. 
. * Mean SCIENCE scores organised by country:
. mean pv1scie, over(cnt_num)

Mean estimation                   Number of obs   =     67,080

            1: cnt_num = 1
            2: cnt_num = 2
            3: cnt_num = 3
            4: cnt_num = 4
            5: cnt_num = 5
            6: cnt_num = 6
            7: cnt_num = 7

--------------------------------------------------------------
        Over |       Mean   Std. Err.     [95% Conf. Interval]
-------------+------------------------------------------------
pv1scie      |
           1 |   499.1255   .8608419      497.4383    500.8128
           2 |   398.7498    .567001      397.6385    399.8612
           3 |   536.2696   1.183347      533.9502    538.5889
           4 |   531.9849   1.256215      529.5227     534.447
           5 |   538.4656   1.148697      536.2141     540.717
           6 |   515.0762   1.273597        512.58    517.5725
           7 |   495.8714   1.289995       493.343    498.3998
--------------------------------------------------------------

. * Mean SCIENCE scores organised by country, taking into account survey design:
. svy: mean pv1scie, over(cnt_num)
(running mean on estimation sample)

BRR replications (80)
----+--- 1 ---+--- 2 ---+--- 3 ---+--- 4 ---+--- 5 
..................................................    50
..............................

Survey: Mean estimation           Number of obs   =     67,080
                                  Population size =  7,982,010
                                  Replications    =         80
                                  Design df       =         79

            1: cnt_num = 1
            2: cnt_num = 2
            3: cnt_num = 3
            4: cnt_num = 4
            5: cnt_num = 5
            6: cnt_num = 6
            7: cnt_num = 7

--------------------------------------------------------------
             |                BRR *
        Over |       Mean   Std. Err.     [95% Conf. Interval]
-------------+------------------------------------------------
pv1scie      |
           1 |   510.2347   1.430633      507.3871    513.0823
           2 |   401.0771   2.272299      396.5542       405.6
           3 |   534.7681   1.931186      530.9242    538.6121
           4 |   531.1108   2.304887      526.5231    535.6986
           5 |   538.0548   2.962457      532.1581    543.9514
           6 |    515.674   3.140142      509.4237    521.9243
           7 |   496.1947   3.046228      490.1314    502.2581
--------------------------------------------------------------

. 
. * In general, for both maths and science, taking into account survey design 
. * slightly lowers the variance of means among the seven countries and increases
. * the standard error for those means (when compared to means not taking into
. * account the BRR approach to weighting the data).
. 
. * PROBLEM 7 ~~~~~~~~~~~~~~~~~~~~~~~~~~~~~~~~~~~~~~~~~~~~~~~~~~~~~~~~~~~~~~~~~~~ 
. 
. ** MATHS **
. 
. * Regression Analysis of economic, social & cultural status as a predictor of
. * maths scores.
. 
. * NOT taking into account survey design:
. regress pv1math escs

      Source |       SS           df       MS      Number of obs   =    64,647
-------------+----------------------------------   F(1, 64645)     =  20875.33
       Model |   188894128         1   188894128   Prob > F        =    0.0000
    Residual |   584951668    64,645  9048.67613   R-squared       =    0.2441
-------------+----------------------------------   Adj R-squared   =    0.2441
       Total |   773845797    64,646  11970.5132   Root MSE        =    95.125

------------------------------------------------------------------------------
     pv1math |      Coef.   Std. Err.      t    P>|t|     [95% Conf. Interval]
-------------+----------------------------------------------------------------
        escs |   50.48985   .3494519   144.48   0.000     49.80492    51.17477
       _cons |   475.4005   .3869047  1228.73   0.000     474.6422    476.1588
------------------------------------------------------------------------------

. * Math = 50.5(Status) + 475      SE = .35 and .39
. * A one unit increase in status is associated with an average increase in maths
. * score of 50.5 points.
. 
. * Taking into account survey design:
. svy: regress pv1math escs
(running regress on estimation sample)

BRR replications (80)
----+--- 1 ---+--- 2 ---+--- 3 ---+--- 4 ---+--- 5 
..................................................    50
..............................

Survey: Linear regression                       Number of obs     =     64,647
                                                Population size   =  7,755,848
                                                Replications      =         80
                                                Design df         =         79
                                                F(   1,     79)   =    2787.14
                                                Prob > F          =     0.0000
                                                R-squared         =     0.2029

------------------------------------------------------------------------------
             |                BRR *
     pv1math |      Coef.   Std. Err.      t    P>|t|     [95% Conf. Interval]
-------------+----------------------------------------------------------------
        escs |   43.95169   .8325226    52.79   0.000     42.29459    45.60878
       _cons |   469.6443   1.399325   335.62   0.000      466.859    472.4296
------------------------------------------------------------------------------

. * Math = 44.0(Status) + 470      SE = .83 and 1.40
. * A one unit increase in status is associated with an average increase in maths
. * score of 44 points.
. 
. ** SCIENCE **
. 
. * Regression Analysis of economic, social & cultural status as a predictor of
. * science scores.
. 
. * NOT taking into account survey design:
. regress pv1scie escs

      Source |       SS           df       MS      Number of obs   =    64,647
-------------+----------------------------------   F(1, 64645)     =  18203.55
       Model |   170808170         1   170808170   Prob > F        =    0.0000
    Residual |   606579123    64,645   9383.2334   R-squared       =    0.2197
-------------+----------------------------------   Adj R-squared   =    0.2197
       Total |   777387293    64,646  12025.2961   Root MSE        =    96.867

------------------------------------------------------------------------------
     pv1scie |      Coef.   Std. Err.      t    P>|t|     [95% Conf. Interval]
-------------+----------------------------------------------------------------
        escs |   48.01193   .3558534   134.92   0.000     47.31445     48.7094
       _cons |   491.8512   .3939923  1248.38   0.000     491.0789    492.6234
------------------------------------------------------------------------------

. * Science = 48.0(Status) + 492      SE = .36 and .39
. * A one unit increase in status is associated with an average increase in science
. * score of 48 points.
. 
. * Taking into account survey design:
. svy: regress pv1scie escs
(running regress on estimation sample)

BRR replications (80)
----+--- 1 ---+--- 2 ---+--- 3 ---+--- 4 ---+--- 5 
..................................................    50
..............................

Survey: Linear regression                       Number of obs     =     64,647
                                                Population size   =  7,755,848
                                                Replications      =         80
                                                Design df         =         79
                                                F(   1,     79)   =    2956.11
                                                Prob > F          =     0.0000
                                                R-squared         =     0.1933

------------------------------------------------------------------------------
             |                BRR *
     pv1scie |      Coef.   Std. Err.      t    P>|t|     [95% Conf. Interval]
-------------+----------------------------------------------------------------
        escs |   43.23301   .7951608    54.37   0.000     41.65029    44.81574
       _cons |    489.139   1.323911   369.47   0.000     486.5039    491.7742
------------------------------------------------------------------------------

. * Science = 43.2(Status) + 489      SE = .80 and 1.32
. * A one unit increase in status is associated with an average increase in science
. * score of 43.2 points.
. 
. ** SUMMARY **
. * In general, taking into account survey design leads to smaller slope
. * coefficients (smaller increases in scores) and larger standard errors.
. 
. * PROBLEM 8 ~~~~~~~~~~~~~~~~~~~~~~~~~~~~~~~~~~~~~~~~~~~~~~~~~~~~~~~~~~~~~~~~~~~ 
. 
. svy: regress pv1math escs c.escs#b7.cnt_num
(running regress on estimation sample)

BRR replications (80)
----+--- 1 ---+--- 2 ---+--- 3 ---+--- 4 ---+--- 5 
..................................................    50
..............................

Survey: Linear regression                       Number of obs     =     64,647
                                                Population size   =  7,755,848
                                                Replications      =         80
                                                Design df         =         79
                                                F(   7,     73)   =     960.23
                                                Prob > F          =     0.0000
                                                R-squared         =     0.2259

--------------------------------------------------------------------------------
               |                BRR *
       pv1math |      Coef.   Std. Err.      t    P>|t|     [95% Conf. Interval]
---------------+----------------------------------------------------------------
          escs |   30.89876   1.437831    21.49   0.000     28.03683    33.76069
               |
cnt_num#c.escs |
            1  |   13.40258    2.05962     6.51   0.000      9.30301    17.50215
            2  |   27.28991   1.722903    15.84   0.000     23.86056    30.71927
            3  |   4.895768   2.471959     1.98   0.051    -.0245431    9.816079
            4  |    19.1261   2.412987     7.93   0.000     14.32317    23.92903
            5  |  -13.25499   2.656687    -4.99   0.000    -18.54299   -7.966986
            6  |  -1.996743    4.33877    -0.46   0.647    -10.63285    6.639364
               |
         _cons |   473.3081   1.522556   310.86   0.000     470.2775    476.3387
--------------------------------------------------------------------------------

. svy: regress pv1scie escs c.escs#b7.cnt_num
(running regress on estimation sample)

BRR replications (80)
----+--- 1 ---+--- 2 ---+--- 3 ---+--- 4 ---+--- 5 
..................................................    50
..............................

Survey: Linear regression                       Number of obs     =     64,647
                                                Population size   =  7,755,848
                                                Replications      =         80
                                                Design df         =         79
                                                F(   7,     73)   =     976.99
                                                Prob > F          =     0.0000
                                                R-squared         =     0.2059

--------------------------------------------------------------------------------
               |                BRR *
       pv1scie |      Coef.   Std. Err.      t    P>|t|     [95% Conf. Interval]
---------------+----------------------------------------------------------------
          escs |   33.77769   1.630491    20.72   0.000     30.53228     37.0231
               |
cnt_num#c.escs |
            1  |    13.0896   1.991853     6.57   0.000     9.124913    17.05428
            2  |   19.84603   1.829557    10.85   0.000     16.20438    23.48767
            3  |   1.095432   2.689529     0.41   0.685    -4.257942    6.448806
            4  |   18.45503   3.091034     5.97   0.000     12.30248    24.60758
            5  |  -11.27143   2.736717    -4.12   0.000    -16.71873   -5.824136
            6  |  -2.497019    3.35828    -0.74   0.459    -9.181509    4.187471
               |
         _cons |   491.7176   1.472579   333.92   0.000     488.7866    494.6487
--------------------------------------------------------------------------------

. 
. * In Australia, Brasil, Estonia and Finland, there was a positive association
. * between status and test scores. An increase in status was associated with an
. * increase in score that is even greater than the increase that would be seen
. * in the USA. I.e., the interaction effect between status and score in these
. * countries was stronger than it was in the USA. In Japan and Korea, there was
. * also a positive association between status and test scores. However, compared
. * to the USA, the interaction effect was weaker. These relationships held for
. * both maths and science scores.
. 
. log close
      name:  <unnamed>
       log:  /Users/jenniferjackson/Downloads/JenniferJackson_PS8.log
  log type:  text
 closed on:  11 Apr 2019, 14:18:55
---------------------------------------------------------------------------------------
